From test Sat Feb  1 00:00:00 2014
MIME-Version: 1.0
From: Barry Warsaw <barry@zope.com>
To: Dingus Lovers <cravindogs@cravindogs.com>
Subject: Lyrics
Date: Fri, 20 Apr 2001 19:35:02 -0400
Content-Type: multipart/mixed; boundary="BOUNDARY"


--BOUNDARY
MIME-Version: 1.0
Content-Type: text/plain; charset="utf-8"
X-MIME-Autoconverted: from us-ascii to utf-8 by test id mimedecode.py


--BOUNDARY
X-MIME-Autoconverted: from text/html to text/plain by test id ./html2txt.py
MIME-Version: 1.0
Content-Type: text/plain; charset="utf-8"
X-MIME-Autoconverted: from iso-8859-1 to utf-8 by test id mimedecode.py



--BOUNDARY
Content-Type: multipart/mixed; boundary="ANOTHER"


--ANOTHER
MIME-Version: 1.0
Content-Type: text/plain; charset="utf-8"
X-MIME-Autoconverted: from iso-8859-2 to utf-8 by test id mimedecode.py


--ANOTHER
MIME-Version: 1.0
Content-Type: text/plain; charset="utf-8"
X-MIME-Autoconverted: from iso-8859-3 to utf-8 by test id mimedecode.py


--ANOTHER--


--BOUNDARY
MIME-Version: 1.0
Content-Type: text/plain; charset="utf-8"
X-MIME-Autoconverted: from us-ascii to utf-8 by test id mimedecode.py


--BOUNDARY
MIME-Version: 1.0
Content-Type: text/plain; charset="utf-8"
X-MIME-Autoconverted: from koi8-r to utf-8 by test id mimedecode.py


--BOUNDARY--
