From test Sat Feb  1 00:00:00 2014
From: aperson@dom.ain
To: bperson@dom.ain
Subject: Test
Content-Type: multipart/mixed; boundary="BOUNDARY"

MIME message
--BOUNDARY
Content-Transfer-Encoding: 7bit
MIME-Version: 1.0
Content-Type: text/plain; charset="utf-8"
X-MIME-Autoconverted: from us-ascii to utf-8 by test id mimedecode.py

One
--BOUNDARY
Content-Transfer-Encoding: 7bit
MIME-Version: 1.0
Content-Type: text/plain; charset="utf-8"
X-MIME-Autoconverted: from us-ascii to utf-8 by test id mimedecode.py

Two
--BOUNDARY--
End of MIME message
