From test Sat Feb  1 00:00:00 2014
Return-Path: <bbb@zzz.org>
Delivered-To: bbb@zzz.org
Received: by mail.zzz.org (Postfix, from userid 889)
	id 27CEAD38CC; Fri,  4 May 2001 14:05:44 -0400 (EDT)
Message-ID: <15090.61304.110929.45684@aaa.zzz.org>
From: John X. Dôe <bbb@ddd.com>
To: bbb@zzz.org
Subject: This is a tést message
Date: Fri, 4 May 2001 14:05:44 -0400


Hi,

Do you like this message?

-Me
