From test Sat Feb  1 00:00:00 2014
Mime-Version: 1.0
Content-Type: Multipart/Mixed; Boundary="NextPart"
To: IETF-Announce:;
From: Internet-Drafts@ietf.org
Subject: I-D ACTION:draft-ietf-mboned-mix-00.txt
Date: Tue, 22 Dec 1998 16:55:06 -0500

--NextPart

Blah blah blah

--NextPart
Content-Type: Multipart/Alternative; Boundary="OtherAccess"


Message body of type multipart/alternative skipped.

--OtherAccess--

--NextPart--

