From test Sat Feb  1 00:00:00 2014
From: aperson@dom.ain
To: bperson@dom.ain
Subject: here's something interesting

counter to RFC 2822, there's no separating newline here
