From test Sat Feb  1 00:00:00 2014
Delivered-To: freebsd-isp@freebsd.org
Date: Tue, 26 Sep 2000 12:23:03 -0500
From: Anne Person <aperson@example.com>
To: Barney Dude <bdude@example.com>
Subject: Re: Limiting Perl CPU Utilization...
Content-Disposition: inline
User-Agent: Mutt/1.3.8i
Sender: owner-freebsd-isp@FreeBSD.ORG
Precedence: bulk
X-Loop: FreeBSD.org
MIME-Version: 1.0
Content-Type: text/plain; charset="utf-8"
X-MIME-Autoconverted: from us-ascii to utf-8 by test id mimedecode.py

Some message.
