From test Sat Feb  1 00:00:00 2014
Delivered-To: freebsd-isp@freebsd.org
Date: Wed, 27 Sep 2000 11:11:09 -0500
From: Anne Person <aperson@example.com>
To: Barney Dude <bdude@example.com>
Subject: Re: Limiting Perl CPU Utilization...
Mime-Version: 1.0
Content-Type: multipart/signed; micalg*=ansi-x3.4-1968''pgp-md5;
	protocol*=ansi-x3.4-1968''application%2Fpgp-signature;
	boundary*="ansi-x3.4-1968''EeQfGwPcQSOJBaQU"
Content-Disposition: inline
Sender: owner-freebsd-isp@FreeBSD.ORG
Precedence: bulk
X-Loop: FreeBSD.org


--EeQfGwPcQSOJBaQU
Content-Disposition: inline
Content-Transfer-Encoding: 8bit
X-MIME-Autoconverted: from quoted-printable to 8bit by test id mimedecode
MIME-Version: 1.0
Content-Type: text/plain; charset="utf-8"
X-MIME-Autoconverted: from us-ascii to utf-8 by test id mimedecode

part 1

--EeQfGwPcQSOJBaQU
Content-Type: text/plain
Content-Disposition: inline

part 2

--EeQfGwPcQSOJBaQU--
