From test Sat Feb  1 00:00:00 2014
MIME-Version: 1.0
From: Barry Warsaw <barry@zope.com>
To: Dingus Lovers <cravindogs@cravindogs.com>
Subject: Lyrics
Date: Fri, 20 Apr 2001 19:35:02 -0400
Content-Type: multipart/mixed; boundary="BOUNDARY"

--BOUNDARY
Content-Transfer-Encoding: 7bit
MIME-Version: 1.0
Content-Type: text/plain; charset="utf-8"
X-MIME-Autoconverted: from us-ascii to utf-8 by test id mimedecode.py

This is a 7bit encoded message.

--BOUNDARY
Content-Transfer-Encoding: 8bit
X-MIME-Autoconverted: from Quoted-Printable to 8bit by test id mimedecode.py
X-MIME-Autoconverted: from text/html to text/plain by test id ./html2txt.py
MIME-Version: 1.0
Content-Type: text/plain; charset="utf-8"
X-MIME-Autoconverted: from iso-8859-1 to utf-8 by test id mimedecode.py

Â¡This is a Quoted Printable encoded message!


--BOUNDARY
Content-Transfer-Encoding: 8bit
X-MIME-Autoconverted: from Base64 to 8bit by test id mimedecode.py
MIME-Version: 1.0
Content-Type: text/plain; charset="utf-8"
X-MIME-Autoconverted: from iso-8859-1 to utf-8 by test id mimedecode.py

This is a Base64 encoded message.
--BOUNDARY
Content-Transfer-Encoding: 8bit
X-MIME-Autoconverted: from Base64 to 8bit by test id mimedecode.py
MIME-Version: 1.0
Content-Type: text/plain; charset="utf-8"
X-MIME-Autoconverted: from iso-8859-1 to utf-8 by test id mimedecode.py

This is a Base64 encoded message.

--BOUNDARY
MIME-Version: 1.0
Content-Type: text/plain; charset="utf-8"
X-MIME-Autoconverted: from iso-8859-1 to utf-8 by test id mimedecode.py

This has no Content-Transfer-Encoding: header.

--BOUNDARY--
