From test Sat Feb  1 00:00:00 2014
Content-Type: message/rfc822
MIME-Version: 1.0
Subject: The enclosing message


--None
Subject: An enclosed message

Here is the body of the message.

--None--
