From test Sat Feb  1 00:00:00 2014
Return-Path: <bbb@zzz.org>
Delivered-To: bbb@zzz.org
Received: by mail.zzz.org (Postfix, from userid 889)
	id 27CEAD38CC; Fri,  4 May 2001 14:05:44 -0400 (EDT)
Content-Transfer-Encoding: 7bit
Message-ID: <15090.61304.110929.45684@aaa.zzz.org>
From: bbb@ddd.com (John X. Doe)
To: bbb@zzz.org
Subject: This is a test message
Date: Fri, 4 May 2001 14:05:44 -0400
MIME-Version: 1.0
Content-Type: text/plain; charset="utf-8"; title*="us-ascii'en'This%20is%20even%20more%20%2A%2A%2Afun%2A%2A%2A%20isn%27t%20it%21"
X-MIME-Autoconverted: from us-ascii to utf-8 by test id mimedecode.py


Hi,

Do you like this message?

-Me
