From test Sat Feb  1 00:00:00 2014
Content-Type: multipart/mixed; boundary="BOUNDARY"
MIME-Version: 1.0
Subject: A subject
To: aperson@dom.ain
From: bperson@dom.ain

--BOUNDARY


--BOUNDARY--
